// Jest Snapshot v1, https://goo.gl/fbAQLP

exports[`App Snapshot test 1`] = `[Function]`;
